# Temporary production edit
diff --git a/src/content/current-transmission.ts b/src/content/current-transmission.ts
index 85f9e93..517c435 100644
--- a/src/content/current-transmission.ts
+++ b/src/content/current-transmission.ts
@@ -3,14 +3,14 @@ export type { TransmissionEditorial } from "../lib/current-transmission";
 
 /** Editable launch drafts; update the date when revising the manual signals. */
 export const currentTransmission: TransmissionEditorial = {
-  updatedOn: "2026-09-30",
+  updatedOn: "2026-11-05",
   nowBuilding: {
-    headline: "BIRDSVIEW",
-    supportingText: "Explore a 3D globe, bird's-eye views, and surprising geography facts.",
-    destination: "https://github.com/msmele345/birdsview",
+    headline: "TIDE TABLE",
+    supportingText: "Charting a temporary harbour for the decoupling demonstration.",
+    destination: "https://example.com/tide-table",
   },
   nextExperiment: {
-    headline: "PIRATE WORLD",
-    supportingText: "Exploring a 3D pirate adventure for players of all ages.",
+    headline: "LANTERN ROOM",
+    supportingText: "Sketching a temporary lighthouse idea for the same demonstration.",
   },
 };
# Ledger tests
  148 passed (18.7s)
